  console.log
    📝 Setting current problem: {
      problemId: 'no-id-provided',
      hasInitial: true,
      canIndent: true,
      maxWrongLines: undefined,
      linesCount: 4
    }

      at log (src/contexts/ParsonsContext.tsx:252:15)

  console.log
    🗑️ Clearing chat history

      at log (src/contexts/ParsonsContext.tsx:312:13)

  console.log
    📝 Setting user solution: { linesCount: 0, hasContent: false }

      at log (src/contexts/ParsonsContext.tsx:279:15)

  console.log
    📝 Setting current problem: {
      problemId: 'no-id-provided',
      hasInitial: true,
      canIndent: true,
      maxWrongLines: undefined,
      linesCount: 4
    }

      at log (src/contexts/ParsonsContext.tsx:252:15)

  console.log
    🗑️ Clearing chat history

      at log (src/contexts/ParsonsContext.tsx:312:13)

  console.log
    📝 Setting user solution: { linesCount: 0, hasContent: false }

      at log (src/contexts/ParsonsContext.tsx:279:15)

  console.log
    📝 Setting current problem: {
      problemId: 'no-id-provided',
      hasInitial: true,
      canIndent: true,
      maxWrongLines: undefined,
      linesCount: 4
    }

      at log (src/contexts/ParsonsContext.tsx:252:15)

  console.log
    🗑️ Clearing chat history

      at log (src/contexts/ParsonsContext.tsx:312:13)

  console.log
    📝 Setting user solution: { linesCount: 0, hasContent: false }

      at log (src/contexts/ParsonsContext.tsx:279:15)

  console.log
    📝 Setting current problem: {
      problemId: 'no-id-provided',
      hasInitial: true,
      canIndent: false,
      maxWrongLines: undefined,
      linesCount: 2
    }

      at log (src/contexts/ParsonsContext.tsx:252:15)

  console.log
    🗑️ Clearing chat history

      at log (src/contexts/ParsonsContext.tsx:312:13)

  console.log
    📝 Setting user solution: { linesCount: 2, hasContent: true }

      at log (src/contexts/ParsonsContext.tsx:279:15)

  console.log
    📝 Setting current problem: {
      problemId: 'no-id-provided',
      hasInitial: true,
      canIndent: true,
      maxWrongLines: undefined,
      linesCount: 4
    }

      at log (src/contexts/ParsonsContext.tsx:252:15)

  console.log
    🗑️ Clearing chat history

      at log (src/contexts/ParsonsContext.tsx:312:13)

  console.log
    📝 Setting user solution: { linesCount: 0, hasContent: false }

      at log (src/contexts/ParsonsContext.tsx:279:15)

  console.log
    📝 Setting current problem: {
      problemId: 'no-id-provided',
      hasInitial: true,
      canIndent: true,
      maxWrongLines: undefined,
      linesCount: 4
    }

      at log (src/contexts/ParsonsContext.tsx:252:15)

  console.log
    🗑️ Clearing chat history

      at log (src/contexts/ParsonsContext.tsx:312:13)

  console.log
    📝 Setting user solution: { linesCount: 0, hasContent: false }

      at log (src/contexts/ParsonsContext.tsx:279:15)

  console.log
    📝 Setting current problem: {
      problemId: 'no-id-provided',
      hasInitial: true,
      canIndent: true,
      maxWrongLines: undefined,
      linesCount: 4
    }

      at log (src/contexts/ParsonsContext.tsx:252:15)

  console.log
    🗑️ Clearing chat history

      at log (src/contexts/ParsonsContext.tsx:312:13)

  console.log
    📝 Setting user solution: { linesCount: 0, hasContent: false }

      at log (src/contexts/ParsonsContext.tsx:279:15)

  console.log
    📝 Setting current problem: {
      problemId: 'no-id-provided',
      hasInitial: true,
      canIndent: true,
      maxWrongLines: undefined,
      linesCount: 4
    }

      at log (src/contexts/ParsonsContext.tsx:252:15)

  console.log
    🗑️ Clearing chat history

      at log (src/contexts/ParsonsContext.tsx:312:13)

  console.log
    📝 Setting user solution: { linesCount: 0, hasContent: false }

      at log (src/contexts/ParsonsContext.tsx:279:15)

  console.log
    📝 Setting current problem: {
      problemId: 'no-id-provided',
      hasInitial: true,
      canIndent: true,
      maxWrongLines: undefined,
      linesCount: 2
    }

      at log (src/contexts/ParsonsContext.tsx:252:15)

  console.log
    🗑️ Clearing chat history

      at log (src/contexts/ParsonsContext.tsx:312:13)

  console.log
    📝 Setting user solution: { linesCount: 2, hasContent: true }

      at log (src/contexts/ParsonsContext.tsx:279:15)

